<area shape="rect" href="$debug_8h.html" title="Project: Colony." alt="" coords="3129,604,3196,628">
<area shape="rect" href="$Simulator_8h.html" title="Project: Colony." alt="" coords="3011,81,3096,105">
<area shape="rect" href="$Output_8h.html" title="Project: Colony." alt="" coords="1756,380,1828,404">
<area shape="rect" href="$TimeSlice_8h.html" title="Project: Colony." alt="" coords="2184,529,2275,553">
<area shape="rect" href="$TimeSliceCellsAvg_8h.html" title="Project: Colony." alt="" coords="3251,529,3392,553">
<area shape="rect" href="$CellLineageGeneration_8h.html" title="Project: Colony." alt="" coords="2851,455,3013,479">
<area shape="rect" href="$Input_8h.html" title="Project: Colony." alt="" coords="1303,455,1364,479">
<area shape="rect" href="$CellCollection_8h.html" title="Project: Colony." alt="" coords="2411,156,2523,180">
<area shape="rect" href="$IntegratorContext_8h.html" title="Project: Colony." alt="" coords="3619,231,3749,255">
<area shape="rect" href="$IntegratorGillespie_8h.html" title="Project: Colony." alt="" coords="3731,455,3867,479">
<area shape="rect" href="$IntegratorGillespieModified_8h.html" title="Project: Colony." alt="" coords="3968,455,4155,479">
<area shape="rect" href="$iotools_8h.html" title="Project: Colony." alt="" coords="928,529,997,553">
<area shape="rect" href="$RandomNumberGenerator_8h.html" title="Project: Colony." alt="" coords="3669,529,3851,553">
<area shape="rect" href="$Cell_8h.html" title="Project: Colony." alt="" coords="2375,231,2428,255">
<area shape="rect" href="$Milieu_8h.html" title="Project: Colony." alt="" coords="2499,380,2565,404">
<area shape="rect" href="$GlobalArrayInterface_8h.html" title="Project: Colony." alt="" coords="3091,305,3243,329">
<area shape="rect" href="$CellBase_8h.html" title="Project: Colony." alt="" coords="2491,455,2573,479">
<area shape="rect" href="$CellMilieuChemicalSystem_8h.html" title="Project: Colony." alt="" coords="2308,305,2495,329">
<area shape="rect" href="$State_8h.html" title="Project: Colony." alt="" coords="2605,529,2669,553">
<area shape="rect" href="$ChemicalSystem_8h.html" title="Project: Colony." alt="" coords="2451,529,2581,553">
<area shape="rect" href="$GlobalArray_8h.html" title="Project: Colony." alt="" coords="3144,380,3243,404">
