<area shape="rect" href="$Cell_8h.html" title="Project: Colony." alt="" coords="897,82,1095,106">
<area shape="rect" href="$CellMilieuChemicalSystem_8cpp.html" title="Project: Colony." alt="" coords="1119,82,1463,106">
<area shape="rect" href="$CellCollection_8h.html" title="Project: Colony." alt="" coords="740,156,996,180">
<area shape="rect" href="$Cell_8cpp.html" title="Project: Colony." alt="" coords="1020,156,1231,180">
<area shape="rect" href="$GlobalArrayInterface_8h.html" title="Project: Colony." alt="" coords="577,231,873,255">
<area shape="rect" href="$Simulator_8h.html" title="Project: Colony." alt="" coords="897,231,1127,255">
<area shape="rect" href="$CellCollection_8cpp.html" title="Project: Colony." alt="" coords="1151,231,1420,255">
<area shape="rect" href="$GlobalArrayInterface_8cpp.html" title="Project: Colony." alt="" coords="5,306,315,330">
<area shape="rect" href="$app_8cpp.html" title="Project: Colony." alt="" coords="339,306,549,330">
<area shape="rect" href="$IntegratorContext_8h.html" title="Project: Colony." alt="" coords="573,306,848,330">
<area shape="rect" href="$IntegratorGillespie_8h.html" title="Project: Colony." alt="" coords="872,306,1152,330">
<area shape="rect" href="$IntegratorGillespieModified_8h.html" title="Project: Colony." alt="" coords="1176,306,1507,330">
<area shape="rect" href="$apptest_8cpp.html" title="Project: Colony." alt="" coords="1531,306,1763,330">
<area shape="rect" href="$Simulator_8cpp.html" title="Project: Colony." alt="" coords="1787,306,2029,330">
<area shape="rect" href="$IntegratorContext_8cpp.html" title="Project: Colony." alt="" coords="549,380,840,404">
<area shape="rect" href="$IntegratorGillespie_8cpp.html" title="Project: Colony." alt="" coords="864,380,1160,404">
<area shape="rect" href="$IntegratorGillespieModified_8cpp.html" title="Project: Colony." alt="" coords="1184,380,1528,404">
