<area shape="rect" href="$debug_8h.html" title="Project: Colony." alt="" coords="836,460,903,484">
<area shape="rect" href="$Cell_8h.html" title="Project: Colony." alt="" coords="741,87,795,111">
<area shape="rect" href="$Milieu_8h.html" title="Project: Colony." alt="" coords="865,236,932,260">
<area shape="rect" href="$CellLineageGeneration_8h.html" title="Project: Colony." alt="" coords="1352,385,1515,409">
<area shape="rect" href="$GlobalArrayInterface_8h.html" title="Project: Colony." alt="" coords="2889,311,3041,335">
<area shape="rect" href="$Input_8h.html" title="Project: Colony." alt="" coords="1829,311,1891,335">
<area shape="rect" href="$CellBase_8h.html" title="Project: Colony." alt="" coords="831,311,913,335">
<area shape="rect" href="$RandomNumberGenerator_8h.html" title="Project: Colony." alt="" coords="245,385,427,409">
<area shape="rect" href="$CellMilieuChemicalSystem_8h.html" title="Project: Colony." alt="" coords="805,161,992,185">
<area shape="rect" href="$State_8h.html" title="Project: Colony." alt="" coords="1061,385,1125,409">
<area shape="rect" href="$ChemicalSystem_8h.html" title="Project: Colony." alt="" coords="907,385,1037,409">
<area shape="rect" href="$GlobalArray_8h.html" title="Project: Colony." alt="" coords="3021,385,3120,409">
<area shape="rect" href="$iotools_8h.html" title="Project: Colony." alt="" coords="1589,385,1659,409">
