<area shape="rect" href="$GlobalArrayInterface_8h.html" title="Project: Colony." alt="" coords="577,81,873,105">
<area shape="rect" href="$Simulator_8h.html" title="Project: Colony." alt="" coords="897,81,1127,105">
<area shape="rect" href="$CellCollection_8cpp.html" title="Project: Colony." alt="" coords="1151,81,1420,105">
<area shape="rect" href="$GlobalArrayInterface_8cpp.html" title="Project: Colony." alt="" coords="5,156,315,180">
<area shape="rect" href="$app_8cpp.html" title="Project: Colony." alt="" coords="339,156,549,180">
<area shape="rect" href="$IntegratorContext_8h.html" title="Project: Colony." alt="" coords="573,156,848,180">
<area shape="rect" href="$IntegratorGillespie_8h.html" title="Project: Colony." alt="" coords="872,156,1152,180">
<area shape="rect" href="$IntegratorGillespieModified_8h.html" title="Project: Colony." alt="" coords="1176,156,1507,180">
<area shape="rect" href="$apptest_8cpp.html" title="Project: Colony." alt="" coords="1531,156,1763,180">
<area shape="rect" href="$Simulator_8cpp.html" title="Project: Colony." alt="" coords="1787,156,2029,180">
<area shape="rect" href="$IntegratorContext_8cpp.html" title="Project: Colony." alt="" coords="549,230,840,254">
<area shape="rect" href="$IntegratorGillespie_8cpp.html" title="Project: Colony." alt="" coords="864,230,1160,254">
<area shape="rect" href="$IntegratorGillespieModified_8cpp.html" title="Project: Colony." alt="" coords="1184,230,1528,254">
