<area shape="rect" href="$CellCollection_8h.html" title="Project: Colony." alt="" coords="1804,81,1916,105">
<area shape="rect" href="$debug_8h.html" title="Project: Colony." alt="" coords="836,529,903,553">
<area shape="rect" href="$Cell_8h.html" title="Project: Colony." alt="" coords="741,156,795,180">
<area shape="rect" href="$Milieu_8h.html" title="Project: Colony." alt="" coords="865,305,932,329">
<area shape="rect" href="$CellLineageGeneration_8h.html" title="Project: Colony." alt="" coords="1352,454,1515,478">
<area shape="rect" href="$GlobalArrayInterface_8h.html" title="Project: Colony." alt="" coords="2889,380,3041,404">
<area shape="rect" href="$Input_8h.html" title="Project: Colony." alt="" coords="1829,380,1891,404">
<area shape="rect" href="$CellBase_8h.html" title="Project: Colony." alt="" coords="831,380,913,404">
<area shape="rect" href="$RandomNumberGenerator_8h.html" title="Project: Colony." alt="" coords="245,454,427,478">
<area shape="rect" href="$CellMilieuChemicalSystem_8h.html" title="Project: Colony." alt="" coords="805,230,992,254">
<area shape="rect" href="$State_8h.html" title="Project: Colony." alt="" coords="1061,454,1125,478">
<area shape="rect" href="$ChemicalSystem_8h.html" title="Project: Colony." alt="" coords="907,454,1037,478">
<area shape="rect" href="$GlobalArray_8h.html" title="Project: Colony." alt="" coords="3021,454,3120,478">
<area shape="rect" href="$iotools_8h.html" title="Project: Colony." alt="" coords="1589,454,1659,478">
