<area shape="rect" href="$Cell_8h.html" title="Project: Colony." alt="" coords="307,82,504,106">
<area shape="rect" href="$Milieu_8h.html" title="Project: Colony." alt="" coords="572,82,783,106">
<area shape="rect" href="$CellBase_8cpp.html" title="Project: Colony." alt="" coords="807,82,1049,106">
<area shape="rect" href="$CellMilieuChemicalSystem_8h.html" title="Project: Colony." alt="" coords="240,156,571,180">
<area shape="rect" href="$CellCollection_8h.html" title="Project: Colony." alt="" coords="595,156,851,180">
<area shape="rect" href="$Cell_8cpp.html" title="Project: Colony." alt="" coords="5,156,216,180">
<area shape="rect" href="$CellMilieuChemicalSystem_8cpp.html" title="Project: Colony." alt="" coords="207,231,551,255">
<area shape="rect" href="$GlobalArrayInterface_8h.html" title="Project: Colony." alt="" coords="575,231,871,255">
<area shape="rect" href="$Simulator_8h.html" title="Project: Colony." alt="" coords="895,231,1124,255">
<area shape="rect" href="$CellCollection_8cpp.html" title="Project: Colony." alt="" coords="1148,231,1417,255">
<area shape="rect" href="$GlobalArrayInterface_8cpp.html" title="Project: Colony." alt="" coords="55,306,364,330">
<area shape="rect" href="$app_8cpp.html" title="Project: Colony." alt="" coords="1569,306,1780,330">
<area shape="rect" href="$IntegratorContext_8h.html" title="Project: Colony." alt="" coords="1804,306,2079,330">
<area shape="rect" href="$IntegratorGillespie_8h.html" title="Project: Colony." alt="" coords="388,306,668,330">
<area shape="rect" href="$IntegratorGillespieModified_8h.html" title="Project: Colony." alt="" coords="692,306,1023,330">
<area shape="rect" href="$apptest_8cpp.html" title="Project: Colony." alt="" coords="1047,306,1279,330">
<area shape="rect" href="$Simulator_8cpp.html" title="Project: Colony." alt="" coords="1303,306,1545,330">
<area shape="rect" href="$IntegratorContext_8cpp.html" title="Project: Colony." alt="" coords="1796,380,2087,404">
<area shape="rect" href="$IntegratorGillespie_8cpp.html" title="Project: Colony." alt="" coords="373,380,669,404">
<area shape="rect" href="$IntegratorGillespieModified_8cpp.html" title="Project: Colony." alt="" coords="693,380,1037,404">
<area shape="rect" href="$Milieu_8cpp.html" title="Project: Colony." alt="" coords="875,156,1099,180">
