<area shape="rect" href="$CellMilieuChemicalSystem_8h.html" title="Project: Colony." alt="" coords="243,81,573,105">
<area shape="rect" href="$CellCollection_8h.html" title="Project: Colony." alt="" coords="597,81,853,105">
<area shape="rect" href="$Cell_8cpp.html" title="Project: Colony." alt="" coords="877,81,1088,105">
<area shape="rect" href="$CellMilieuChemicalSystem_8cpp.html" title="Project: Colony." alt="" coords="209,156,553,180">
<area shape="rect" href="$GlobalArrayInterface_8h.html" title="Project: Colony." alt="" coords="577,156,873,180">
<area shape="rect" href="$Simulator_8h.html" title="Project: Colony." alt="" coords="897,156,1127,180">
<area shape="rect" href="$CellCollection_8cpp.html" title="Project: Colony." alt="" coords="1151,156,1420,180">
<area shape="rect" href="$GlobalArrayInterface_8cpp.html" title="Project: Colony." alt="" coords="5,231,315,255">
<area shape="rect" href="$app_8cpp.html" title="Project: Colony." alt="" coords="339,231,549,255">
<area shape="rect" href="$IntegratorContext_8h.html" title="Project: Colony." alt="" coords="573,231,848,255">
<area shape="rect" href="$IntegratorGillespie_8h.html" title="Project: Colony." alt="" coords="872,231,1152,255">
<area shape="rect" href="$IntegratorGillespieModified_8h.html" title="Project: Colony." alt="" coords="1176,231,1507,255">
<area shape="rect" href="$apptest_8cpp.html" title="Project: Colony." alt="" coords="1531,231,1763,255">
<area shape="rect" href="$Simulator_8cpp.html" title="Project: Colony." alt="" coords="1787,231,2029,255">
<area shape="rect" href="$IntegratorContext_8cpp.html" title="Project: Colony." alt="" coords="549,305,840,329">
<area shape="rect" href="$IntegratorGillespie_8cpp.html" title="Project: Colony." alt="" coords="864,305,1160,329">
<area shape="rect" href="$IntegratorGillespieModified_8cpp.html" title="Project: Colony." alt="" coords="1184,305,1528,329">
