<area shape="rect" href="$Output_8h.html" title="Project: Colony." alt="" coords="665,81,881,105">
<area shape="rect" href="$Simulator_8h.html" title="Project: Colony." alt="" coords="683,156,912,180">
<area shape="rect" href="$CellCollection_8h.html" title="Project: Colony." alt="" coords="956,81,1212,105">
<area shape="rect" href="$CellLineageGeneration_8cpp.html" title="Project: Colony." alt="" coords="1236,81,1556,105">
<area shape="rect" href="$Output_8cpp.html" title="Project: Colony." alt="" coords="429,156,659,180">
<area shape="rect" href="$app_8cpp.html" title="Project: Colony." alt="" coords="1509,231,1720,255">
<area shape="rect" href="$IntegratorContext_8h.html" title="Project: Colony." alt="" coords="29,231,304,255">
<area shape="rect" href="$IntegratorGillespie_8h.html" title="Project: Colony." alt="" coords="328,231,608,255">
<area shape="rect" href="$IntegratorGillespieModified_8h.html" title="Project: Colony." alt="" coords="632,231,963,255">
<area shape="rect" href="$apptest_8cpp.html" title="Project: Colony." alt="" coords="987,231,1219,255">
<area shape="rect" href="$Simulator_8cpp.html" title="Project: Colony." alt="" coords="1243,231,1485,255">
<area shape="rect" href="$IntegratorContext_8cpp.html" title="Project: Colony." alt="" coords="5,305,296,329">
<area shape="rect" href="$IntegratorGillespie_8cpp.html" title="Project: Colony." alt="" coords="320,305,616,329">
<area shape="rect" href="$IntegratorGillespieModified_8cpp.html" title="Project: Colony." alt="" coords="640,305,984,329">
<area shape="rect" href="$GlobalArrayInterface_8h.html" title="Project: Colony." alt="" coords="936,156,1232,180">
<area shape="rect" href="$CellCollection_8cpp.html" title="Project: Colony." alt="" coords="1256,156,1525,180">
<area shape="rect" href="$GlobalArrayInterface_8cpp.html" title="Project: Colony." alt="" coords="1744,231,2053,255">
