<area shape="rect" href="$classIntegratorContext.html" title="IntegratorContext\&lt; IntegratorGillespie \&gt;" alt="" coords="1541,25,1792,49">
<area shape="rect" href="$classSimulator.html" title="Core of the simulation: interaction between the integrator and the cell collection..." alt="" coords="2025,279,2100,303">
<area shape="rect" href="$classTimeSliceCellsAvg.html" title="Average of output values for one time slice." alt="" coords="643,187,773,211">
<area shape="rect" href="$classGlobalArray.html" title="GlobalArray\&lt; double \&gt;" alt="" coords="417,436,569,460">
<area shape="rect" href="$classState.html" title="State of a cell." alt="" coords="468,712,519,736">
<area shape="rect" href="$classInput.html" title="Input parameters read from files &quot;input.dat&quot; and &quot;input_simulation..." alt="" coords="468,320,519,344">
<area shape="rect" href="$classTimeSlice.html" title="Output values for one time slice." alt="" coords="453,248,533,272">
<area shape="rect" href="$classCellCollection.html" title="A collection of cells." alt="" coords="1617,400,1716,424">
<area shape="rect" href="$classGlobalArrayInterface.html" title="Interface between the class CellCollection and the class GlobalArray." alt="" coords="812,484,951,508">
<area shape="rect" href="$classGlobalArray.html" title="GlobalArray\&lt; int \&gt;" alt="" coords="429,603,557,627">
<area shape="rect" href="$classMilieu.html" title="A special cell that represents the environment in which the colony of cells live..." alt="" coords="1132,527,1188,551">
<area shape="rect" href="$classCellBase.html" title="Base class for cell." alt="" coords="845,712,917,736">
<area shape="rect" href="$classChemicalSystem.html" title="Chemical system of the cell (reactions)." alt="" coords="433,815,553,839">
<area shape="rect" href="$classOutput.html" title="Output class with methods to write output files." alt="" coords="1637,633,1696,657">
