<area shape="rect" href="$classCellMilieuChemicalSystemInitParam.html" title="Initialize parameters structure for CellMilieuChemicalSystem class." alt="" coords="1221,181,1453,205">
<area shape="rect" href="$classCell.html" title="Cell able to divide and communicate with the milieu." alt="" coords="964,257,1007,281">
<area shape="rect" href="$classCellMilieuChemicalSystem.html" title="This Class defines the cell&#45;milieu reactions like diffusion, signalling, etc." alt="" coords="1249,344,1425,368">
<area shape="rect" href="$classCellBase.html" title="Base class for cell." alt="" coords="732,297,804,321">
<area shape="rect" href="$classMilieu.html" title="A special cell that represents the environment in which the colony of cells live..." alt="" coords="957,306,1013,330">
<area shape="rect" href="$classChemicalSystem.html" title="Chemical system of the cell (reactions)." alt="" coords="345,278,465,302">
<area shape="rect" href="$classChemicalSystemInitParam.html" title="Initialize parameters structure for ChemicalSystem class." alt="" coords="317,66,493,90">
<area shape="rect" href="$classState.html" title="State of a cell." alt="" coords="380,429,431,453">
<area shape="rect" href="$classStateInitParam.html" title="Initialize parameters structure for State class." alt="" coords="352,326,459,350">
<area shape="rect" href="$classCellBaseInitParam.html" title="Initialize parameters structure for CellBase class." alt="" coords="704,61,832,85">
