<area shape="rect" href="$classIntegratorGillespie.html" title="Algorithm of Gillespie." alt="" coords="2180,220,2305,244">
<area shape="rect" href="$classTimeSliceCellsAvg.html" title="Average of output values for one time slice." alt="" coords="643,67,773,91">
<area shape="rect" href="$classGlobalArray.html" title="GlobalArray\&lt; double \&gt;" alt="" coords="417,323,569,347">
<area shape="rect" href="$classState.html" title="State of a cell." alt="" coords="468,592,519,616">
<area shape="rect" href="$classInput.html" title="Input parameters read from files &quot;input.dat&quot; and &quot;input_simulation..." alt="" coords="468,219,519,243">
<area shape="rect" href="$classTimeSlice.html" title="Output values for one time slice." alt="" coords="453,157,533,181">
<area shape="rect" href="$classCellCollection.html" title="A collection of cells." alt="" coords="1593,303,1692,327">
<area shape="rect" href="$classGlobalArrayInterface.html" title="Interface between the class CellCollection and the class GlobalArray." alt="" coords="812,371,951,395">
<area shape="rect" href="$classGlobalArray.html" title="GlobalArray\&lt; int \&gt;" alt="" coords="429,483,557,507">
<area shape="rect" href="$classMilieu.html" title="A special cell that represents the environment in which the colony of cells live..." alt="" coords="1132,527,1188,551">
<area shape="rect" href="$classCellBase.html" title="Base class for cell." alt="" coords="845,592,917,616">
<area shape="rect" href="$classChemicalSystem.html" title="Chemical system of the cell (reactions)." alt="" coords="433,695,553,719">
<area shape="rect" href="$classIntegratorContext.html" title="IntegratorContext\&lt; IntegratorGillespie \&gt;" alt="" coords="2416,247,2667,271">
<area shape="rect" href="$classOutput.html" title="Output class with methods to write output files." alt="" coords="1613,536,1672,560">
