<area shape="rect" href="$app_8cpp.html" title="Project: Colony." alt="" coords="5,455,216,479">
<area shape="rect" href="$Simulator_8h.html" title="Project: Colony." alt="" coords="1061,380,1291,404">
<area shape="rect" href="$IntegratorContext_8h.html" title="Project: Colony." alt="" coords="779,455,1053,479">
<area shape="rect" href="$IntegratorGillespie_8h.html" title="Project: Colony." alt="" coords="1855,455,2135,479">
<area shape="rect" href="$IntegratorGillespieModified_8h.html" title="Project: Colony." alt="" coords="1389,455,1720,479">
<area shape="rect" href="$apptest_8cpp.html" title="Project: Colony." alt="" coords="428,455,660,479">
<area shape="rect" href="$Output_8h.html" title="Project: Colony." alt="" coords="896,231,1112,255">
<area shape="rect" href="$TimeSlice_8h.html" title="Project: Colony." alt="" coords="383,156,617,180">
<area shape="rect" href="$TimeSliceCellsAvg_8h.html" title="Project: Colony." alt="" coords="657,156,943,180">
<area shape="rect" href="$CellLineageGeneration_8h.html" title="Project: Colony." alt="" coords="1047,156,1353,180">
<area shape="rect" href="$CellCollection_8h.html" title="Project: Colony." alt="" coords="1797,305,2053,329">
<area shape="rect" href="$GlobalArrayInterface_8h.html" title="Project: Colony." alt="" coords="2464,380,2760,404">
<area shape="rect" href="$Input_8h.html" title="Project: Colony." alt="" coords="1797,156,2003,180">
<area shape="rect" href="$iotools_8h.html" title="Project: Colony." alt="" coords="1739,81,1952,105">
<area shape="rect" href="$RandomNumberGenerator_8h.html" title="Project: Colony." alt="" coords="2077,81,2403,105">
<area shape="rect" href="$CellBase_8h.html" title="Project: Colony." alt="" coords="3075,156,3301,180">
<area shape="rect" href="$Cell_8h.html" title="Project: Colony." alt="" coords="2472,231,2669,255">
<area shape="rect" href="$CellMilieuChemicalSystem_8h.html" title="Project: Colony." alt="" coords="2795,305,3125,329">
<area shape="rect" href="$Milieu_8h.html" title="Project: Colony." alt="" coords="3120,231,3331,255">
<area shape="rect" href="$State_8h.html" title="Project: Colony." alt="" coords="3073,81,3281,105">
<area shape="rect" href="$ChemicalSystem_8h.html" title="Project: Colony." alt="" coords="3305,81,3580,105">
<area shape="rect" href="$GlobalArray_8h.html" title="Project: Colony." alt="" coords="2744,81,2987,105">
<area shape="rect" href="$Simulator_8cpp.html" title="Project: Colony." alt="" coords="1077,455,1320,479">
<area shape="rect" href="$IntegratorContext_8cpp.html" title="Project: Colony." alt="" coords="771,529,1061,553">
<area shape="rect" href="$IntegratorGillespie_8cpp.html" title="Project: Colony." alt="" coords="1847,529,2143,553">
<area shape="rect" href="$IntegratorGillespieModified_8cpp.html" title="Project: Colony." alt="" coords="1383,529,1727,553">
<area shape="rect" href="$Output_8cpp.html" title="Project: Colony." alt="" coords="887,305,1116,329">
<area shape="rect" href="$TimeSlice_8cpp.html" title="Project: Colony." alt="" coords="200,231,448,255">
<area shape="rect" href="$TimeSliceCellsAvg_8cpp.html" title="Project: Colony." alt="" coords="573,231,872,255">
<area shape="rect" href="$CellLineageGeneration_8cpp.html" title="Project: Colony." alt="" coords="1237,231,1557,255">
<area shape="rect" href="$CellCollection_8cpp.html" title="Project: Colony." alt="" coords="1784,380,2053,404">
<area shape="rect" href="$GlobalArrayInterface_8cpp.html" title="Project: Colony." alt="" coords="2457,455,2767,479">
<area shape="rect" href="$Input_8cpp.html" title="Project: Colony." alt="" coords="1784,231,2003,255">
<area shape="rect" href="$iotools_8cpp.html" title="Project: Colony." alt="" coords="1547,156,1773,180">
<area shape="rect" href="$RandomNumberGenerator_8cpp.html" title="Project: Colony." alt="" coords="2229,156,2568,180">
<area shape="rect" href="$CellBase_8cpp.html" title="Project: Colony." alt="" coords="2853,231,3096,255">
<area shape="rect" href="$Cell_8cpp.html" title="Project: Colony." alt="" coords="2459,305,2669,329">
<area shape="rect" href="$CellMilieuChemicalSystem_8cpp.html" title="Project: Colony." alt="" coords="2788,380,3132,404">
<area shape="rect" href="$Milieu_8cpp.html" title="Project: Colony." alt="" coords="3149,305,3373,329">
<area shape="rect" href="$State_8cpp.html" title="Project: Colony." alt="" coords="3325,156,3547,180">
<area shape="rect" href="$ChemicalSystem_8cpp.html" title="Project: Colony." alt="" coords="3571,156,3859,180">
<area shape="rect" href="$GlobalArray_8cpp.html" title="Project: Colony." alt="" coords="2795,156,3051,180">
