<area shape="rect" href="$CellCollection_8h.html" title="Project: Colony." alt="" coords="687,81,943,105">
<area shape="rect" href="$GlobalArrayInterface_8cpp.html" title="Project: Colony." alt="" coords="967,81,1276,105">
<area shape="rect" href="$Simulator_8h.html" title="Project: Colony." alt="" coords="564,156,793,180">
<area shape="rect" href="$CellCollection_8cpp.html" title="Project: Colony." alt="" coords="817,156,1087,180">
<area shape="rect" href="$app_8cpp.html" title="Project: Colony." alt="" coords="5,231,216,255">
<area shape="rect" href="$IntegratorContext_8h.html" title="Project: Colony." alt="" coords="240,231,515,255">
<area shape="rect" href="$IntegratorGillespie_8h.html" title="Project: Colony." alt="" coords="539,231,819,255">
<area shape="rect" href="$IntegratorGillespieModified_8h.html" title="Project: Colony." alt="" coords="843,231,1173,255">
<area shape="rect" href="$apptest_8cpp.html" title="Project: Colony." alt="" coords="1197,231,1429,255">
<area shape="rect" href="$Simulator_8cpp.html" title="Project: Colony." alt="" coords="1453,231,1696,255">
<area shape="rect" href="$IntegratorContext_8cpp.html" title="Project: Colony." alt="" coords="216,305,507,329">
<area shape="rect" href="$IntegratorGillespie_8cpp.html" title="Project: Colony." alt="" coords="531,305,827,329">
<area shape="rect" href="$IntegratorGillespieModified_8cpp.html" title="Project: Colony." alt="" coords="851,305,1195,329">
