<area shape="rect" href="$GlobalArrayInterface_8h.html" title="Project: Colony." alt="" coords="667,82,963,106">
<area shape="rect" href="$GlobalArray_8cpp.html" title="Project: Colony." alt="" coords="987,82,1243,106">
<area shape="rect" href="$CellCollection_8h.html" title="Project: Colony." alt="" coords="687,156,943,180">
<area shape="rect" href="$GlobalArrayInterface_8cpp.html" title="Project: Colony." alt="" coords="967,156,1276,180">
<area shape="rect" href="$Simulator_8h.html" title="Project: Colony." alt="" coords="564,231,793,255">
<area shape="rect" href="$CellCollection_8cpp.html" title="Project: Colony." alt="" coords="817,231,1087,255">
<area shape="rect" href="$app_8cpp.html" title="Project: Colony." alt="" coords="5,306,216,330">
<area shape="rect" href="$IntegratorContext_8h.html" title="Project: Colony." alt="" coords="240,306,515,330">
<area shape="rect" href="$IntegratorGillespie_8h.html" title="Project: Colony." alt="" coords="539,306,819,330">
<area shape="rect" href="$IntegratorGillespieModified_8h.html" title="Project: Colony." alt="" coords="843,306,1173,330">
<area shape="rect" href="$apptest_8cpp.html" title="Project: Colony." alt="" coords="1197,306,1429,330">
<area shape="rect" href="$Simulator_8cpp.html" title="Project: Colony." alt="" coords="1453,306,1696,330">
<area shape="rect" href="$IntegratorContext_8cpp.html" title="Project: Colony." alt="" coords="216,380,507,404">
<area shape="rect" href="$IntegratorGillespie_8cpp.html" title="Project: Colony." alt="" coords="531,380,827,404">
<area shape="rect" href="$IntegratorGillespieModified_8cpp.html" title="Project: Colony." alt="" coords="851,380,1195,404">
