<area shape="rect" href="$debug_8h.html" title="Project: Colony." alt="" coords="2036,529,2103,553">
<area shape="rect" href="$GlobalArray_8h.html" title="Project: Colony." alt="" coords="365,81,464,105">
<area shape="rect" href="$CellCollection_8h.html" title="Project: Colony." alt="" coords="1368,81,1480,105">
<area shape="rect" href="$Cell_8h.html" title="Project: Colony." alt="" coords="1993,156,2047,180">
<area shape="rect" href="$Milieu_8h.html" title="Project: Colony." alt="" coords="2157,305,2224,329">
<area shape="rect" href="$CellLineageGeneration_8h.html" title="Project: Colony." alt="" coords="2413,455,2576,479">
<area shape="rect" href="$Input_8h.html" title="Project: Colony." alt="" coords="1080,380,1141,404">
<area shape="rect" href="$CellBase_8h.html" title="Project: Colony." alt="" coords="2000,380,2083,404">
<area shape="rect" href="$RandomNumberGenerator_8h.html" title="Project: Colony." alt="" coords="2208,455,2389,479">
<area shape="rect" href="$CellMilieuChemicalSystem_8h.html" title="Project: Colony." alt="" coords="2057,231,2244,255">
<area shape="rect" href="$State_8h.html" title="Project: Colony." alt="" coords="1563,455,1627,479">
<area shape="rect" href="$ChemicalSystem_8h.html" title="Project: Colony." alt="" coords="2600,455,2731,479">
<area shape="rect" href="$iotools_8h.html" title="Project: Colony." alt="" coords="1267,455,1336,479">
