<area shape="rect" href="$IntegratorGillespieModified_8h.html" title="Project: Colony." alt="" coords="3388,81,3575,105">
<area shape="rect" href="$debug_8h.html" title="Project: Colony." alt="" coords="3041,679,3108,703">
<area shape="rect" href="$RandomNumberGenerator_8h.html" title="Project: Colony." alt="" coords="2679,604,2860,628">
<area shape="rect" href="$Simulator_8h.html" title="Project: Colony." alt="" coords="3439,156,3524,180">
<area shape="rect" href="$Output_8h.html" title="Project: Colony." alt="" coords="2968,455,3040,479">
<area shape="rect" href="$TimeSlice_8h.html" title="Project: Colony." alt="" coords="2836,529,2927,553">
<area shape="rect" href="$TimeSliceCellsAvg_8h.html" title="Project: Colony." alt="" coords="3188,604,3329,628">
<area shape="rect" href="$CellLineageGeneration_8h.html" title="Project: Colony." alt="" coords="3319,529,3481,553">
<area shape="rect" href="$Input_8h.html" title="Project: Colony." alt="" coords="1119,529,1180,553">
<area shape="rect" href="$CellCollection_8h.html" title="Project: Colony." alt="" coords="2224,231,2336,255">
<area shape="rect" href="$IntegratorContext_8h.html" title="Project: Colony." alt="" coords="3771,380,3901,404">
<area shape="rect" href="$IntegratorGillespie_8h.html" title="Project: Colony." alt="" coords="3505,529,3641,553">
<area shape="rect" href="$iotools_8h.html" title="Project: Colony." alt="" coords="1407,604,1476,628">
<area shape="rect" href="$Cell_8h.html" title="Project: Colony." alt="" coords="2217,305,2271,329">
<area shape="rect" href="$Milieu_8h.html" title="Project: Colony." alt="" coords="2211,455,2277,479">
<area shape="rect" href="$GlobalArrayInterface_8h.html" title="Project: Colony." alt="" coords="3868,529,4020,553">
<area shape="rect" href="$CellBase_8h.html" title="Project: Colony." alt="" coords="2303,529,2385,553">
<area shape="rect" href="$CellMilieuChemicalSystem_8h.html" title="Project: Colony." alt="" coords="2151,380,2337,404">
<area shape="rect" href="$State_8h.html" title="Project: Colony." alt="" coords="1551,604,1615,628">
<area shape="rect" href="$ChemicalSystem_8h.html" title="Project: Colony." alt="" coords="2321,604,2452,628">
<area shape="rect" href="$GlobalArray_8h.html" title="Project: Colony." alt="" coords="3809,604,3908,628">
