<area shape="rect" href="$debug_8h.html" title="Project: Colony." alt="" coords="3315,604,3381,628">
<area shape="rect" href="$Simulator_8h.html" title="Project: Colony." alt="" coords="3771,81,3856,105">
<area shape="rect" href="$Output_8h.html" title="Project: Colony." alt="" coords="2017,380,2089,404">
<area shape="rect" href="$TimeSlice_8h.html" title="Project: Colony." alt="" coords="3107,454,3197,478">
<area shape="rect" href="$TimeSliceCellsAvg_8h.html" title="Project: Colony." alt="" coords="3512,529,3653,553">
<area shape="rect" href="$CellLineageGeneration_8h.html" title="Project: Colony." alt="" coords="3563,454,3725,478">
<area shape="rect" href="$Input_8h.html" title="Project: Colony." alt="" coords="1137,454,1199,478">
<area shape="rect" href="$CellCollection_8h.html" title="Project: Colony." alt="" coords="1813,156,1925,180">
<area shape="rect" href="$IntegratorGillespie_8h.html" title="Project: Colony." alt="" coords="4213,454,4349,478">
<area shape="rect" href="$IntegratorGillespieModified_8h.html" title="Project: Colony." alt="" coords="3952,454,4139,478">
<area shape="rect" href="$iotools_8h.html" title="Project: Colony." alt="" coords="1408,529,1477,553">
<area shape="rect" href="$RandomNumberGenerator_8h.html" title="Project: Colony." alt="" coords="4133,529,4315,553">
<area shape="rect" href="$Cell_8h.html" title="Project: Colony." alt="" coords="2395,230,2448,254">
<area shape="rect" href="$Milieu_8h.html" title="Project: Colony." alt="" coords="2559,380,2625,404">
<area shape="rect" href="$GlobalArrayInterface_8h.html" title="Project: Colony." alt="" coords="1785,454,1937,478">
<area shape="rect" href="$CellBase_8h.html" title="Project: Colony." alt="" coords="2551,454,2633,478">
<area shape="rect" href="$CellMilieuChemicalSystem_8h.html" title="Project: Colony." alt="" coords="2459,305,2645,329">
<area shape="rect" href="$State_8h.html" title="Project: Colony." alt="" coords="2560,529,2624,553">
<area shape="rect" href="$ChemicalSystem_8h.html" title="Project: Colony." alt="" coords="2749,529,2880,553">
<area shape="rect" href="$GlobalArray_8h.html" title="Project: Colony." alt="" coords="1856,529,1955,553">
