<area shape="rect" href="$IntegratorGillespie_8h.html" title="Project: Colony." alt="" coords="3463,81,3599,105">
<area shape="rect" href="$debug_8h.html" title="Project: Colony." alt="" coords="3040,679,3107,703">
<area shape="rect" href="$RandomNumberGenerator_8h.html" title="Project: Colony." alt="" coords="2677,604,2859,628">
<area shape="rect" href="$Simulator_8h.html" title="Project: Colony." alt="" coords="3488,156,3573,180">
<area shape="rect" href="$Output_8h.html" title="Project: Colony." alt="" coords="2980,455,3052,479">
<area shape="rect" href="$TimeSlice_8h.html" title="Project: Colony." alt="" coords="2848,529,2939,553">
<area shape="rect" href="$TimeSliceCellsAvg_8h.html" title="Project: Colony." alt="" coords="3187,604,3328,628">
<area shape="rect" href="$CellLineageGeneration_8h.html" title="Project: Colony." alt="" coords="3331,529,3493,553">
<area shape="rect" href="$Input_8h.html" title="Project: Colony." alt="" coords="1117,529,1179,553">
<area shape="rect" href="$CellCollection_8h.html" title="Project: Colony." alt="" coords="2227,231,2339,255">
<area shape="rect" href="$IntegratorContext_8h.html" title="Project: Colony." alt="" coords="3829,380,3960,404">
<area shape="rect" href="$IntegratorGillespieModified_8h.html" title="Project: Colony." alt="" coords="3517,529,3704,553">
<area shape="rect" href="$iotools_8h.html" title="Project: Colony." alt="" coords="1405,604,1475,628">
<area shape="rect" href="$Cell_8h.html" title="Project: Colony." alt="" coords="2220,305,2273,329">
<area shape="rect" href="$Milieu_8h.html" title="Project: Colony." alt="" coords="2213,455,2280,479">
<area shape="rect" href="$GlobalArrayInterface_8h.html" title="Project: Colony." alt="" coords="3931,529,4083,553">
<area shape="rect" href="$CellBase_8h.html" title="Project: Colony." alt="" coords="2295,529,2377,553">
<area shape="rect" href="$CellMilieuChemicalSystem_8h.html" title="Project: Colony." alt="" coords="2153,380,2340,404">
<area shape="rect" href="$State_8h.html" title="Project: Colony." alt="" coords="1549,604,1613,628">
<area shape="rect" href="$ChemicalSystem_8h.html" title="Project: Colony." alt="" coords="2320,604,2451,628">
<area shape="rect" href="$GlobalArray_8h.html" title="Project: Colony." alt="" coords="3808,604,3907,628">
