<area shape="rect" href="$IntegratorContext_8h.html" title="Project: Colony." alt="" coords="4144,81,4275,105">
<area shape="rect" href="$debug_8h.html" title="Project: Colony." alt="" coords="3315,679,3381,703">
<area shape="rect" href="$Simulator_8h.html" title="Project: Colony." alt="" coords="3771,156,3856,180">
<area shape="rect" href="$Output_8h.html" title="Project: Colony." alt="" coords="2017,455,2089,479">
<area shape="rect" href="$TimeSlice_8h.html" title="Project: Colony." alt="" coords="3107,529,3197,553">
<area shape="rect" href="$TimeSliceCellsAvg_8h.html" title="Project: Colony." alt="" coords="3512,604,3653,628">
<area shape="rect" href="$CellLineageGeneration_8h.html" title="Project: Colony." alt="" coords="3563,529,3725,553">
<area shape="rect" href="$Input_8h.html" title="Project: Colony." alt="" coords="1137,529,1199,553">
<area shape="rect" href="$CellCollection_8h.html" title="Project: Colony." alt="" coords="1813,231,1925,255">
<area shape="rect" href="$IntegratorGillespie_8h.html" title="Project: Colony." alt="" coords="4213,529,4349,553">
<area shape="rect" href="$IntegratorGillespieModified_8h.html" title="Project: Colony." alt="" coords="3952,529,4139,553">
<area shape="rect" href="$iotools_8h.html" title="Project: Colony." alt="" coords="1408,604,1477,628">
<area shape="rect" href="$RandomNumberGenerator_8h.html" title="Project: Colony." alt="" coords="4133,604,4315,628">
<area shape="rect" href="$Cell_8h.html" title="Project: Colony." alt="" coords="2395,305,2448,329">
<area shape="rect" href="$Milieu_8h.html" title="Project: Colony." alt="" coords="2559,455,2625,479">
<area shape="rect" href="$GlobalArrayInterface_8h.html" title="Project: Colony." alt="" coords="1785,529,1937,553">
<area shape="rect" href="$CellBase_8h.html" title="Project: Colony." alt="" coords="2551,529,2633,553">
<area shape="rect" href="$CellMilieuChemicalSystem_8h.html" title="Project: Colony." alt="" coords="2459,380,2645,404">
<area shape="rect" href="$State_8h.html" title="Project: Colony." alt="" coords="2560,604,2624,628">
<area shape="rect" href="$ChemicalSystem_8h.html" title="Project: Colony." alt="" coords="2749,604,2880,628">
<area shape="rect" href="$GlobalArray_8h.html" title="Project: Colony." alt="" coords="1856,604,1955,628">
