<area shape="rect" href="$debug_8h.html" title="Project: Colony." alt="" coords="3040,604,3107,628">
<area shape="rect" href="$RandomNumberGenerator_8h.html" title="Project: Colony." alt="" coords="2677,529,2859,553">
<area shape="rect" href="$Simulator_8h.html" title="Project: Colony." alt="" coords="3488,81,3573,105">
<area shape="rect" href="$Output_8h.html" title="Project: Colony." alt="" coords="2980,380,3052,404">
<area shape="rect" href="$TimeSlice_8h.html" title="Project: Colony." alt="" coords="2848,454,2939,478">
<area shape="rect" href="$TimeSliceCellsAvg_8h.html" title="Project: Colony." alt="" coords="3187,529,3328,553">
<area shape="rect" href="$CellLineageGeneration_8h.html" title="Project: Colony." alt="" coords="3331,454,3493,478">
<area shape="rect" href="$Input_8h.html" title="Project: Colony." alt="" coords="1117,454,1179,478">
<area shape="rect" href="$CellCollection_8h.html" title="Project: Colony." alt="" coords="2227,156,2339,180">
<area shape="rect" href="$IntegratorContext_8h.html" title="Project: Colony." alt="" coords="3829,305,3960,329">
<area shape="rect" href="$IntegratorGillespieModified_8h.html" title="Project: Colony." alt="" coords="3517,454,3704,478">
<area shape="rect" href="$iotools_8h.html" title="Project: Colony." alt="" coords="1405,529,1475,553">
<area shape="rect" href="$Cell_8h.html" title="Project: Colony." alt="" coords="2220,230,2273,254">
<area shape="rect" href="$Milieu_8h.html" title="Project: Colony." alt="" coords="2213,380,2280,404">
<area shape="rect" href="$GlobalArrayInterface_8h.html" title="Project: Colony." alt="" coords="3931,454,4083,478">
<area shape="rect" href="$CellBase_8h.html" title="Project: Colony." alt="" coords="2295,454,2377,478">
<area shape="rect" href="$CellMilieuChemicalSystem_8h.html" title="Project: Colony." alt="" coords="2153,305,2340,329">
<area shape="rect" href="$State_8h.html" title="Project: Colony." alt="" coords="1549,529,1613,553">
<area shape="rect" href="$ChemicalSystem_8h.html" title="Project: Colony." alt="" coords="2320,529,2451,553">
<area shape="rect" href="$GlobalArray_8h.html" title="Project: Colony." alt="" coords="3808,529,3907,553">
