<area shape="rect" href="$CellMilieuChemicalSystem_8h.html" title="Project: Colony." alt="" coords="472,81,803,105">
<area shape="rect" href="$CellCollection_8h.html" title="Project: Colony." alt="" coords="741,230,997,254">
<area shape="rect" href="$Milieu_8cpp.html" title="Project: Colony." alt="" coords="1031,81,1255,105">
<area shape="rect" href="$Cell_8h.html" title="Project: Colony." alt="" coords="391,156,588,180">
<area shape="rect" href="$CellMilieuChemicalSystem_8cpp.html" title="Project: Colony." alt="" coords="612,156,956,180">
<area shape="rect" href="$Cell_8cpp.html" title="Project: Colony." alt="" coords="384,230,595,254">
<area shape="rect" href="$GlobalArrayInterface_8h.html" title="Project: Colony." alt="" coords="577,305,873,329">
<area shape="rect" href="$Simulator_8h.html" title="Project: Colony." alt="" coords="897,305,1127,329">
<area shape="rect" href="$CellCollection_8cpp.html" title="Project: Colony." alt="" coords="1151,305,1420,329">
<area shape="rect" href="$GlobalArrayInterface_8cpp.html" title="Project: Colony." alt="" coords="5,380,315,404">
<area shape="rect" href="$app_8cpp.html" title="Project: Colony." alt="" coords="339,380,549,404">
<area shape="rect" href="$IntegratorContext_8h.html" title="Project: Colony." alt="" coords="573,380,848,404">
<area shape="rect" href="$IntegratorGillespie_8h.html" title="Project: Colony." alt="" coords="872,380,1152,404">
<area shape="rect" href="$IntegratorGillespieModified_8h.html" title="Project: Colony." alt="" coords="1176,380,1507,404">
<area shape="rect" href="$apptest_8cpp.html" title="Project: Colony." alt="" coords="1531,380,1763,404">
<area shape="rect" href="$Simulator_8cpp.html" title="Project: Colony." alt="" coords="1787,380,2029,404">
<area shape="rect" href="$IntegratorContext_8cpp.html" title="Project: Colony." alt="" coords="549,454,840,478">
<area shape="rect" href="$IntegratorGillespie_8cpp.html" title="Project: Colony." alt="" coords="864,454,1160,478">
<area shape="rect" href="$IntegratorGillespieModified_8cpp.html" title="Project: Colony." alt="" coords="1184,454,1528,478">
