<area shape="rect" href="$Simulator_8h.html" title="Project: Colony." alt="" coords="564,81,793,105">
<area shape="rect" href="$Output_8cpp.html" title="Project: Colony." alt="" coords="817,81,1047,105">
<area shape="rect" href="$app_8cpp.html" title="Project: Colony." alt="" coords="5,156,216,180">
<area shape="rect" href="$IntegratorContext_8h.html" title="Project: Colony." alt="" coords="240,156,515,180">
<area shape="rect" href="$IntegratorGillespie_8h.html" title="Project: Colony." alt="" coords="539,156,819,180">
<area shape="rect" href="$IntegratorGillespieModified_8h.html" title="Project: Colony." alt="" coords="843,156,1173,180">
<area shape="rect" href="$apptest_8cpp.html" title="Project: Colony." alt="" coords="1197,156,1429,180">
<area shape="rect" href="$Simulator_8cpp.html" title="Project: Colony." alt="" coords="1453,156,1696,180">
<area shape="rect" href="$IntegratorContext_8cpp.html" title="Project: Colony." alt="" coords="216,230,507,254">
<area shape="rect" href="$IntegratorGillespie_8cpp.html" title="Project: Colony." alt="" coords="531,230,827,254">
<area shape="rect" href="$IntegratorGillespieModified_8cpp.html" title="Project: Colony." alt="" coords="851,230,1195,254">
