<area shape="rect" href="$Input_8h.html" title="Project: Colony." alt="" coords="829,156,1035,180">
<area shape="rect" href="$IntegratorGillespie_8h.html" title="Project: Colony." alt="" coords="1061,380,1341,404">
<area shape="rect" href="$IntegratorGillespieModified_8h.html" title="Project: Colony." alt="" coords="1365,380,1696,404">
<area shape="rect" href="$CellBase_8h.html" title="Project: Colony." alt="" coords="1799,81,2025,105">
<area shape="rect" href="$Cell_8h.html" title="Project: Colony." alt="" coords="1460,156,1657,180">
<area shape="rect" href="$RandomNumberGenerator_8cpp.html" title="Project: Colony." alt="" coords="2284,81,2623,105">
<area shape="rect" href="$Output_8h.html" title="Project: Colony." alt="" coords="532,230,748,254">
<area shape="rect" href="$Simulator_8h.html" title="Project: Colony." alt="" coords="785,305,1015,329">
<area shape="rect" href="$CellCollection_8h.html" title="Project: Colony." alt="" coords="1065,230,1321,254">
<area shape="rect" href="$Input_8cpp.html" title="Project: Colony." alt="" coords="823,230,1041,254">
<area shape="rect" href="$Output_8cpp.html" title="Project: Colony." alt="" coords="525,305,755,329">
<area shape="rect" href="$app_8cpp.html" title="Project: Colony." alt="" coords="528,380,739,404">
<area shape="rect" href="$IntegratorContext_8h.html" title="Project: Colony." alt="" coords="763,380,1037,404">
<area shape="rect" href="$apptest_8cpp.html" title="Project: Colony." alt="" coords="5,380,237,404">
<area shape="rect" href="$Simulator_8cpp.html" title="Project: Colony." alt="" coords="261,380,504,404">
<area shape="rect" href="$IntegratorContext_8cpp.html" title="Project: Colony." alt="" coords="739,454,1029,478">
<area shape="rect" href="$IntegratorGillespie_8cpp.html" title="Project: Colony." alt="" coords="1053,454,1349,478">
<area shape="rect" href="$IntegratorGillespieModified_8cpp.html" title="Project: Colony." alt="" coords="1373,454,1717,478">
<area shape="rect" href="$GlobalArrayInterface_8h.html" title="Project: Colony." alt="" coords="1045,305,1341,329">
<area shape="rect" href="$CellCollection_8cpp.html" title="Project: Colony." alt="" coords="1365,305,1635,329">
<area shape="rect" href="$GlobalArrayInterface_8cpp.html" title="Project: Colony." alt="" coords="1720,380,2029,404">
<area shape="rect" href="$Milieu_8h.html" title="Project: Colony." alt="" coords="1681,156,1892,180">
<area shape="rect" href="$CellBase_8cpp.html" title="Project: Colony." alt="" coords="1916,156,2159,180">
<area shape="rect" href="$CellMilieuChemicalSystem_8h.html" title="Project: Colony." alt="" coords="1580,230,1911,254">
<area shape="rect" href="$Cell_8cpp.html" title="Project: Colony." alt="" coords="1345,230,1556,254">
<area shape="rect" href="$CellMilieuChemicalSystem_8cpp.html" title="Project: Colony." alt="" coords="1659,305,2003,329">
<area shape="rect" href="$Milieu_8cpp.html" title="Project: Colony." alt="" coords="1935,230,2159,254">
