<area shape="rect" href="$Simulator_8h.html" title="Project: Colony." alt="" coords="3405,81,3491,105">
<area shape="rect" href="$debug_8h.html" title="Project: Colony." alt="" coords="3737,604,3804,628">
<area shape="rect" href="$Output_8h.html" title="Project: Colony." alt="" coords="671,380,743,404">
<area shape="rect" href="$TimeSlice_8h.html" title="Project: Colony." alt="" coords="3193,455,3284,479">
<area shape="rect" href="$TimeSliceCellsAvg_8h.html" title="Project: Colony." alt="" coords="3313,529,3455,553">
<area shape="rect" href="$CellLineageGeneration_8h.html" title="Project: Colony." alt="" coords="2956,455,3119,479">
<area shape="rect" href="$Input_8h.html" title="Project: Colony." alt="" coords="1240,455,1301,479">
<area shape="rect" href="$CellCollection_8h.html" title="Project: Colony." alt="" coords="2155,156,2267,180">
<area shape="rect" href="$IntegratorContext_8h.html" title="Project: Colony." alt="" coords="3612,305,3743,329">
<area shape="rect" href="$IntegratorGillespie_8h.html" title="Project: Colony." alt="" coords="4369,455,4505,479">
<area shape="rect" href="$IntegratorGillespieModified_8h.html" title="Project: Colony." alt="" coords="4137,455,4324,479">
<area shape="rect" href="$iotools_8h.html" title="Project: Colony." alt="" coords="1575,529,1644,553">
<area shape="rect" href="$RandomNumberGenerator_8h.html" title="Project: Colony." alt="" coords="4239,529,4420,553">
<area shape="rect" href="$Cell_8h.html" title="Project: Colony." alt="" coords="2620,231,2673,255">
<area shape="rect" href="$Milieu_8h.html" title="Project: Colony." alt="" coords="2885,380,2952,404">
<area shape="rect" href="$GlobalArrayInterface_8h.html" title="Project: Colony." alt="" coords="2135,455,2287,479">
<area shape="rect" href="$CellBase_8h.html" title="Project: Colony." alt="" coords="2680,455,2763,479">
<area shape="rect" href="$CellMilieuChemicalSystem_8h.html" title="Project: Colony." alt="" coords="2684,305,2871,329">
<area shape="rect" href="$State_8h.html" title="Project: Colony." alt="" coords="2412,529,2476,553">
<area shape="rect" href="$ChemicalSystem_8h.html" title="Project: Colony." alt="" coords="3108,529,3239,553">
<area shape="rect" href="$GlobalArray_8h.html" title="Project: Colony." alt="" coords="2137,529,2236,553">
