<area shape="rect" href="$app_8cpp.html" title="Project: Colony." alt="" coords="5,82,216,106">
<area shape="rect" href="$IntegratorContext_8h.html" title="Project: Colony." alt="" coords="240,82,515,106">
<area shape="rect" href="$IntegratorGillespie_8h.html" title="Project: Colony." alt="" coords="539,82,819,106">
<area shape="rect" href="$IntegratorGillespieModified_8h.html" title="Project: Colony." alt="" coords="843,82,1173,106">
<area shape="rect" href="$apptest_8cpp.html" title="Project: Colony." alt="" coords="1197,82,1429,106">
<area shape="rect" href="$Simulator_8cpp.html" title="Project: Colony." alt="" coords="1453,82,1696,106">
<area shape="rect" href="$IntegratorContext_8cpp.html" title="Project: Colony." alt="" coords="216,156,507,180">
<area shape="rect" href="$IntegratorGillespie_8cpp.html" title="Project: Colony." alt="" coords="531,156,827,180">
<area shape="rect" href="$IntegratorGillespieModified_8cpp.html" title="Project: Colony." alt="" coords="851,156,1195,180">
