<area shape="rect" href="$debug_8h.html" title="Project: Colony." alt="" coords="3737,547,3804,571">
<area shape="rect" href="$Output_8h.html" title="Project: Colony." alt="" coords="671,323,743,347">
<area shape="rect" href="$TimeSlice_8h.html" title="Project: Colony." alt="" coords="3193,398,3284,422">
<area shape="rect" href="$TimeSliceCellsAvg_8h.html" title="Project: Colony." alt="" coords="3313,472,3455,496">
<area shape="rect" href="$CellLineageGeneration_8h.html" title="Project: Colony." alt="" coords="2956,398,3119,422">
<area shape="rect" href="$Input_8h.html" title="Project: Colony." alt="" coords="1240,398,1301,422">
<area shape="rect" href="$CellCollection_8h.html" title="Project: Colony." alt="" coords="2155,99,2267,123">
<area shape="rect" href="$IntegratorContext_8h.html" title="Project: Colony." alt="" coords="3612,248,3743,272">
<area shape="rect" href="$IntegratorGillespie_8h.html" title="Project: Colony." alt="" coords="4369,398,4505,422">
<area shape="rect" href="$IntegratorGillespieModified_8h.html" title="Project: Colony." alt="" coords="4137,398,4324,422">
<area shape="rect" href="$iotools_8h.html" title="Project: Colony." alt="" coords="1575,472,1644,496">
<area shape="rect" href="$RandomNumberGenerator_8h.html" title="Project: Colony." alt="" coords="4239,472,4420,496">
<area shape="rect" href="$Cell_8h.html" title="Project: Colony." alt="" coords="2620,174,2673,198">
<area shape="rect" href="$Milieu_8h.html" title="Project: Colony." alt="" coords="2885,323,2952,347">
<area shape="rect" href="$GlobalArrayInterface_8h.html" title="Project: Colony." alt="" coords="2135,398,2287,422">
<area shape="rect" href="$CellBase_8h.html" title="Project: Colony." alt="" coords="2680,398,2763,422">
<area shape="rect" href="$CellMilieuChemicalSystem_8h.html" title="Project: Colony." alt="" coords="2684,248,2871,272">
<area shape="rect" href="$State_8h.html" title="Project: Colony." alt="" coords="2412,472,2476,496">
<area shape="rect" href="$ChemicalSystem_8h.html" title="Project: Colony." alt="" coords="3108,472,3239,496">
<area shape="rect" href="$GlobalArray_8h.html" title="Project: Colony." alt="" coords="2137,472,2236,496">
