<area shape="rect" href="$CellBase_8h.html" title="Project: Colony." alt="" coords="564,81,791,105">
<area shape="rect" href="$State_8cpp.html" title="Project: Colony." alt="" coords="815,81,1036,105">
<area shape="rect" href="$Cell_8h.html" title="Project: Colony." alt="" coords="307,156,504,180">
<area shape="rect" href="$Milieu_8h.html" title="Project: Colony." alt="" coords="572,156,783,180">
<area shape="rect" href="$CellBase_8cpp.html" title="Project: Colony." alt="" coords="807,156,1049,180">
<area shape="rect" href="$CellMilieuChemicalSystem_8h.html" title="Project: Colony." alt="" coords="240,230,571,254">
<area shape="rect" href="$CellCollection_8h.html" title="Project: Colony." alt="" coords="595,230,851,254">
<area shape="rect" href="$Cell_8cpp.html" title="Project: Colony." alt="" coords="5,230,216,254">
<area shape="rect" href="$CellMilieuChemicalSystem_8cpp.html" title="Project: Colony." alt="" coords="207,305,551,329">
<area shape="rect" href="$GlobalArrayInterface_8h.html" title="Project: Colony." alt="" coords="575,305,871,329">
<area shape="rect" href="$Simulator_8h.html" title="Project: Colony." alt="" coords="895,305,1124,329">
<area shape="rect" href="$CellCollection_8cpp.html" title="Project: Colony." alt="" coords="1148,305,1417,329">
<area shape="rect" href="$GlobalArrayInterface_8cpp.html" title="Project: Colony." alt="" coords="55,380,364,404">
<area shape="rect" href="$app_8cpp.html" title="Project: Colony." alt="" coords="1569,380,1780,404">
<area shape="rect" href="$IntegratorContext_8h.html" title="Project: Colony." alt="" coords="1804,380,2079,404">
<area shape="rect" href="$IntegratorGillespie_8h.html" title="Project: Colony." alt="" coords="388,380,668,404">
<area shape="rect" href="$IntegratorGillespieModified_8h.html" title="Project: Colony." alt="" coords="692,380,1023,404">
<area shape="rect" href="$apptest_8cpp.html" title="Project: Colony." alt="" coords="1047,380,1279,404">
<area shape="rect" href="$Simulator_8cpp.html" title="Project: Colony." alt="" coords="1303,380,1545,404">
<area shape="rect" href="$IntegratorContext_8cpp.html" title="Project: Colony." alt="" coords="1796,454,2087,478">
<area shape="rect" href="$IntegratorGillespie_8cpp.html" title="Project: Colony." alt="" coords="373,454,669,478">
<area shape="rect" href="$IntegratorGillespieModified_8cpp.html" title="Project: Colony." alt="" coords="693,454,1037,478">
<area shape="rect" href="$Milieu_8cpp.html" title="Project: Colony." alt="" coords="875,230,1099,254">
